SELECTED TABLES			Release 59		Last change 30aug98
Copyright (c) 1989,1990,1991,1992,1993,1994,1995,1996,1997,1998 Ralf Brown
--------!------------------------------------

Buses
	EISA (see INT 15/AX=D800h)
	I2C / IIC bus (see I2C 00h)
	PCI bus -- see below
	System Management Bus (see INT 15/AX=53B0h/BH=01h)
	Universal Serial Bus OpenHCI (see #00881 at INT 1A/AX=B10Ah)

Country-Specific Information:
	country codes (see #01377 at INT 21/AH=38h)
	country-specific information (see #01375,#01376)
	country-dependent capitalization (see INT 21/AX=6520h)
	code pages (see #00449,#01734)
	extended country-specific info (see #01727 at INT 21/AX=6500h)
		uppercase table (see #01728)
		filename uppercase table (see #01730)
		filename terminator table (see #01731)
		collating table (see #01732)
		DBCS lead byte table (see #01733)
	yes/no response (see INT 21/AX=6523h)

DESQview
	.PIF / .DVP file format (see #00406 at INT 15/AX=102Ch)
	TopView panel file format (see #00415 at INT 15/AH=12h)
	TopView/DESQview streams (see #00425,#00426,#00427 at INT 15/AH=12h)

Device Drivers
	command code (see #02571 at INT 2F/AX=0802h)
	device driver header (see #01623 at INT 21/AH=52h)
	device attributes (see #01624,#01625 at INT 21/AH=52h)
	error codes (see #02574 at INT 2F/AX=0802h)
	request header (see #02572 at INT 2F/AX=0802h)

Disks
	BIOS Parameter Block (BPB) (see #01640)
	diskette drive type (see #00224 at INT 13/AH=08h)
	diskette parameter table (see #01241 at INT 1E)
	DOS drive parameter block (see #01334 at INT 21/AH=1Fh)
	DOS media ID byte (see #01333 at INT 21/AH=1Bh)
	hard disk master boot sector (see #00629 at INT 19)
	hard disk partition record (see #00630 at INT 19)
	IDE controller commands (see #P0515 at PORT 01F0h)
	serial number (see #01743 at INT 21/AH=69h)

DOS (general)
	DOS commandline (see #02561 at INT 2E)
	DOS Environment block (see #01355 at INT 21/AH=26h,#01372)
	DOS memory allocation strategy (see #01656 at INT 21/AH=58h)
	DOS OEM number (see #01371 at INT 21/AH=30h)

DOS error codes (see INT 21/AH=59h)
	critical error (see #02521 at INT 24)
	extended error codes (see #01657)
	error class (see #01659)
	error locus (see #01661)
	media ID structure (see #01658)
	recommended action (see #01660)

DOS EXEC function (see INT 21/AH=4Bh):
	EXEC parameter block (see #01567,#01568,#01569)
	.EXE file formats (see #01571,#01573,#01586,#01593)
	Program Segment Prefix (PSP) (see #01355 at INT 21/AH=26h)

DOS extenders
	DPMI error codes (see #03107 at INT 21/AX=0000h)
	DPMI mode switch (see #02694 at INT 2F/AX=1687h)
	DPMI vendor-specific API (see #02695 at INT 2F/AX=168Ah)
	DPMS registration structure (see #02769 at INT 2F/AX=43E0h)
	VCPI (see INT 67/AX=DE00h)
		mode switch (see #03629 at INT 67/AX=DE0Ch)

DOS-internal data (see INT 21/AH=52h)
	Current Directory Structure (see #01620,#01621,#01622)
	Disk buffer (see #01626,#01627,#01629,#01630,#01632)
	DOS Parameter List (DPL) (see #01663 at INT 21/AX=5D00h)
	IFS entry point (see #01635)
	List of Lists (SYSVARS) (see #01604)
	Memory Control Block (see #01605,#01607,#01610)
	Novell DOS (see #01561,#01562 at INT 21/AX=4458h)
	SHARE hooks (see #01613)
	Swappable Data Area (SDA) (see #01664,#01667 at INT 21/AX=5D0Bh)
	System File Table (SFT) (see #01616,#01617,#01618,#01619)

Error Codes (Other)
	AMI/Award/C&T/etc. BIOS diagnostics (POST) codes (see #P0410,#P0412)
	Advanced Power Management [APM] (see #00452 at INT 15/AX=5300h)
	EMS (see #03612 at INT 67/AH=40h)
	PRINT.EXE (see #02570 at INT 2F/AX=0101h)
	XMS (see #02751 at INT 2F/AX=4310h)

Files and Directories
	Directory Entry: MS-DOS, DR DOS, Novell DOS (see #01329)
	file attributes (see #01378 at INT 21/AH=3Ch)
	File Control Block (FCB) (see #01322 at INT 21/AH=0Fh)
	File Date and Time (see #01642,#01643 at INT 21/AX=5700h)
	file-sharing behavior (see #01380 at INT 21/AH=3Dh)
	FindFirst data block (see #01603 at INT 21/AH=4Eh)
	Long File Names (see INT 21/AH=71h,#01332 at INT 21/AH=11h)

Keyboard
	keyboard controller commands (see #P0386,#P0401)
	scan codes (see #00005 at INT 09"IRQ1")
	shift states (see #00566,#00567 at INT 16/AH=12h)

Memory
	memory size (see INT 12,INT 15/AH=88h,INT 15/AX=E820h)
	SDRAM/DIMM configuration data (see #I0047 at I2C A0h)

NetWare
	DOS Requester entry point (see #02835 at INT 2F/AX=7A20h)
	error codes (see #01783 at INT 21/AH=BCh,#01787,#01810 at INT 21/AH=E1h)
	LSL status (see #02965 at INT 2F/AX=C000h"LSL")
	NetWare Core Protocol functions (see #02071 at INT 21/AH=F2h)
	VLM error codes (see #02836 at INT 2F/AX=7A20h)
	VLM header (see #02838 at INT 2F/AX=7A20h)
	VLM identifier (see #02837 at INT 2F/AX=7A20h)

PCI Bus
	PCI BIOS error codes (see #00708 at INT 1A/AX=B101h)
	PCI configuration data (see #00857 at INT 1A/AX=B10Ah)
	PCI vendor ID (see #00711 at INT 1A/AX=B102h)
	PCI IRQ Routing Table (see #01236 at INT 1A/AX=B406h)

Plug-and-Play
	Plug-and-Play Installation Structure (see #F0024)
	Plug-and-Play error codes (see #F0074)
	Plug-and-Play device type codes (see #F0078)
	Extended System Configuration Data (ESCD)(see #01221 at INT 1A/AX=B401h)
	generic device IDs (see #F0079)

Power Management
	Advanced Power Management [APM] (see INT 15/AX=5300h)
	Advanced Configuration and Power Interface [ACPI] 
		(see #M0092 at MEM xxxxh:xxx0h"ACPI")

Real-Time Clock (see also CMOS.LST)
	status registers (see #00385,#00386,#00387 at INT 15/AH=01h"Amstrad")

Serial Port
	serial port parameters (see #00279 at INT 14/AH=00h)
	serial line status (see #00283 at INT 14/AH=03h)
	modem status (see #00284 at INT 14/AH=03h)

Sound
	Adlib/SoundBlaster registers (see #P0618 at PORT 0388h"AdLib")
	Gravis UltraSound
		registers (see #P0591 at PORT 0340h"Gravis")
		board version (see PORT 0746h"Gravis")
		MegaEm (see INT 21/AX=FD12h,#03939 at INT 81/AX=0200h)
	SoundBlaster SBSIM (see #03936 at INT 80"SBSIM")
	Windows Sound System (see #P0868 at PORT 0530h"Windows Sound")

Video
	character attributes (see #00013 at INT 10/AH=08h)
	Display Combination Code (DCC) (see #00038 at INT 10/AX=1A00h)
	TopView/RSIS shadow buffer [virtual screen] (see INT 10/AH=FEh)
	VESA DDC monitor information (see #00109 at INT 10/AX=4F15h/BL=01h)
	VESA SuperVGA information (see #00076 at INT 10/AX=4F00h)
	video modes
		mode numbers (see #00009 at INT 10/AH=00h)
		UltraVision modes (see #00202 at INT 10/AX=CD04h)
		VESA modes (see #00082 at INT 10/AX=4F02h)
	video parameters (see #01240 at INT 1D)

Windows
	Global EMM Import record (see #01492 at INT 21/AX=4402h)
	Startup Information Structure (see #02607 at INT 2F/AX=1605h)
	VMMCALL (see INT 20"Windows")
	VxD identifiers (see #02618 at INT 2F/AX=1684h)

Other Tables
	AMIS signatures (see #02545,#02546 at INT 2D/AH=00h)
	BIOS equipment list (see #00208 at INT 11)
	BIOS32 Service Directory (see #F0021)
	Interrupt Sharing Protocol (ISP) header (see #02544 at INT 2D)
	Multiprocessor Specification - Floating Pointer Structure (see #M0109)
	Option ROM header (see #F0075)
	ROM configuration table (see #00488 at INT 15/AH=C0h)
--------!---CONTACT_INFO---------------------
Internet: ralf@pobox.com (currently forwards to ralf@telerama.lm.com)
UUCP: {uunet,harvard}!pobox.com!ralf
FIDO: Ralf Brown 1:129/26.1
	or post a message to me in the DR_DEBUG echo (I probably won't see it
	unless you address it to me)
CIS:  >INTERNET:ralf@pobox.com
